---
http_interactions:
- request:
    method: get
    uri: http://api.data.gov/TEST/regulations/v3/comment.json?federalRegisterNumber=2014-11486&api_key=<API_KEY>
    body:
      encoding: US-ASCII
      string: ''
    headers:
      accept:
      - application/json; charset=UTF-8
  response:
    status:
      code: 404
      message: Not Found
    headers:
      age:
      - '0'
      cache-control:
      - max-age=600, public
      content-type:
      - application/json;charset=UTF-8
      date:
      - Fri, 03 Apr 2015 21:14:31 GMT
      server:
      - nginx
      vary:
      - Accept-Encoding, Accept-Encoding
      via:
      - 1.1 varnish-v4
      x-ratelimit-limit:
      - '10000'
      x-ratelimit-remaining:
      - '9531'
      x-varnish:
      - '2231799'
      content-length:
      - '226'
      connection:
      - Close
    body:
      encoding: US-ASCII
      string: ! '{"code":404,"message":"You are trying to submit a comment on the
        document, (2014-11486), which does not exist. We apologize for any inconvenience.
        Please use our search to find another document open for comment.","status":404}'
    http_version: '1.1'
  recorded_at: Fri, 03 Apr 2015 21:14:36 GMT
- request:
    method: get
    uri: http://api.data.gov/TEST/regulations/v3/comment.json?federalRegisterNumber=2014-11486&api_key=<API_KEY>
    body:
      encoding: US-ASCII
      string: ''
    headers:
      accept:
      - application/json; charset=UTF-8
  response:
    status:
      code: 404
      message: Not Found
    headers:
      age:
      - '0'
      cache-control:
      - max-age=600, public
      content-type:
      - application/json;charset=UTF-8
      date:
      - Fri, 03 Apr 2015 21:14:32 GMT
      server:
      - nginx
      vary:
      - Accept-Encoding, Accept-Encoding
      via:
      - 1.1 varnish-v4
      x-ratelimit-limit:
      - '10000'
      x-ratelimit-remaining:
      - '9530'
      x-varnish:
      - '2026063'
      content-length:
      - '226'
      connection:
      - Close
    body:
      encoding: US-ASCII
      string: ! '{"code":404,"message":"You are trying to submit a comment on the
        document, (2014-11486), which does not exist. We apologize for any inconvenience.
        Please use our search to find another document open for comment.","status":404}'
    http_version: '1.1'
  recorded_at: Fri, 03 Apr 2015 21:14:38 GMT
- request:
    method: get
    uri: http://api.data.gov/TEST/regulations/v3/comment.json?federalRegisterNumber=2015-03236&api_key=<API_KEY>
    body:
      encoding: US-ASCII
      string: ''
    headers:
      accept:
      - application/json; charset=UTF-8
  response:
    status:
      code: 200
      message: OK
    headers:
      accept-ranges:
      - bytes
      age:
      - '0'
      cache-control:
      - max-age=600, public
      content-type:
      - application/json;charset=UTF-8
      date:
      - Fri, 03 Apr 2015 21:25:47 GMT
      server:
      - nginx
      vary:
      - Accept-Encoding, Accept-Encoding
      via:
      - 1.1 varnish-v4
      x-ratelimit-limit:
      - '10000'
      x-ratelimit-remaining:
      - '9516'
      x-varnish:
      - '14719'
      transfer-encoding:
      - chunked
      connection:
      - Close
    body:
      encoding: US-ASCII
      string: ! '{"agencyName":"International Trade Commission","document":{"agencyAcronym":"ITC","alternateWaysToComment":"ADDRESSES:
        All Commission offices, including the Commission''s hearing rooms, are located
        in the United States International Trade Commission Building, 500 E Street
        SW., Washington, DC. All written submissions should be addressed to the Secretary,
        United States International Trade Commission, 500 E Street SW., Washington,
        DC 20436. The public record for this investigation may be viewed on the Commission''s
        electronic docket (EDIS) at http://www.usitc.gov/secretary/edis.htm.","commentDueDate":"2015-04-20T23:59:59-04:00","commentStartDate":"2015-02-18T00:00:00-05:00","docketType":"RULEMAKING","documentId":"ITC-2015-0032-0001","documentType":"NOTICES","openForComment":true,"title":"Proposed
        Recommendations: Recommended Modifications in the Harmonized Tariff Schedule
        to Conform With Amendments to the Harmonized System Recommended by the World
        Customs Organization, etc."},"fieldList":[{"attributeLabel":"First Name","attributeName":"first_name","maxLength":25,"publicViewable":false,"required":true,"submitterInfo":true,"tooltip":"Submitter''s
        first name","uiControl":"text"},{"attributeLabel":"Last Name","attributeName":"last_name","maxLength":25,"publicViewable":false,"required":true,"submitterInfo":true,"tooltip":"Submitter''s
        last name","uiControl":"text"},{"attributeLabel":"Mailing Address","attributeName":"address1","maxLength":150,"publicViewable":false,"required":false,"submitterInfo":true,"tooltip":"Submitter''s
        mailing address line 1","uiControl":"text"},{"attributeLabel":"City","attributeName":"city","maxLength":50,"publicViewable":false,"required":false,"submitterInfo":true,"tooltip":"Submitter''s
        city","uiControl":"text"},{"attributeLabel":"Country","attributeName":"country","lookupUrl":"https://api.data.gov/TEST/regulations/v3/lookup?field=country","maxLength":50,"publicViewable":false,"required":false,"submitterInfo":true,"tooltip":"Submitter''s
        country","uiControl":"picklist"},{"attributeLabel":"State or Province","attributeName":"us_state","dependsOn":"country","lookupUrl":"https://api.data.gov/TEST/regulations/v3/lookup?field=us_state&dependentOnValue=","maxLength":50,"publicViewable":false,"required":false,"submitterInfo":true,"tooltip":"Submitter''s
        state","uiControl":"combo"},{"attributeLabel":"ZIP/Postal Code","attributeName":"zip","maxLength":10,"publicViewable":false,"required":false,"submitterInfo":true,"tooltip":"Submitter''s
        ZIP/Postal Code","uiControl":"text"},{"attributeLabel":"Email Address","attributeName":"email","maxLength":100,"publicViewable":false,"required":true,"submitterInfo":true,"tooltip":"Submitter''s
        email address","uiControl":"text"},{"attributeLabel":"Organization Name","attributeName":"organization","maxLength":120,"publicViewable":false,"required":false,"submitterInfo":true,"tooltip":"Submitter''s
        organization","uiControl":"text"},{"attributeLabel":"Comment","attributeName":"general_comment","maxLength":5000,"publicViewable":true,"required":true,"submitterInfo":true,"tooltip":"Text
        of comment from submitter","uiControl":"text"}],"participating":false}'
    http_version: '1.1'
  recorded_at: Fri, 03 Apr 2015 21:25:52 GMT
recorded_with: VCR 2.6.0
